[    1068ms] [ERROR] Failed to load resource: the server responded with a status of 500 (Internal Server Error) @ http://localhost:3000/signal/test:0
[    1275ms] Error: Cannot find module './276.js'
Require stack:
- /Users/akshitsama/Desktop/Website/.next/server/webpack-runtime.js
- /Users/akshitsama/Desktop/Website/.next/server/app/_not-found/page.js
- /Users/akshitsama/Desktop/Website/node_modules/next/dist/server/require.js
- /Users/akshitsama/Desktop/Website/node_modules/next/dist/server/load-components.js
- /Users/akshitsama/Desktop/Website/node_modules/next/dist/build/utils.js
- /Users/akshitsama/Desktop/Website/node_modules/next/dist/server/dev/hot-middleware.js
- /Users/akshitsama/Desktop/Website/node_modules/next/dist/server/dev/hot-reloader-webpack.js
- /Users/akshitsama/Desktop/Website/node_modules/next/dist/server/lib/router-utils/setup-dev-bundler.js
- /Users/akshitsama/Desktop/Website/node_modules/next/dist/server/lib/router-server.js
- /Users/akshitsama/Desktop/Website/node_modules/next/dist/server/lib/start-server.js
    at Module._resolveFilename (node:internal/modules/cjs/loader:1144:15)
    at <unknown> (file:///Users/akshitsama/Desktop/Website/node_modules/next/dist/server/require-hook.js:55:36)
    at Module._load (node:internal/modules/cjs/loader:985:27)
    at Module.require (node:internal/modules/cjs/loader:1235:19)
    at mod.require (file:///Users/akshitsama/Desktop/Website/node_modules/next/dist/server/require-hook.js:65:28)
    at require (node:internal/modules/helpers:176:18)
    at __webpack_require__.f.require (file:///Users/akshitsama/Desktop/Website/.next/server/webpack-runtime.js:198:28)
    at <unknown> (file:///Users/akshitsama/Desktop/Website/.next/server/webpack-runtime.js:111:40)
    at Array.reduce (<anonymous>)
    at __webpack_require__.e (file:///Users/akshitsama/Desktop/Website/.next/server/webpack-runtime.js:110:67)
    at Array.map (<anonymous>)
    at __webpack_require__.X (file:///Users/akshitsama/Desktop/Website/.next/server/webpack-runtime.js:162:22)
    at <unknown> (file:///Users/akshitsama/Desktop/Website/.next/server/app/signal/[id]/page.js:15:6966)
    at Object.<anonymous> (file:///Users/akshitsama/Desktop/Website/.next/server/app/signal/[id]/page.js:15:7015)
    at Module._compile (node:internal/modules/cjs/loader:1376:14)
    at Module._extensions..js (node:internal/modules/cjs/loader:1435:10)
    at Module.load (node:internal/modules/cjs/loader:1207:32)
    at Module._load (node:internal/modules/cjs/loader:1023:12)
    at Module.require (node:internal/modules/cjs/loader:1235:19)
    at mod.require (file:///Users/akshitsama/Desktop/Website/node_modules/next/dist/server/require-hook.js:65:28)
    at require (node:internal/modules/helpers:176:18)
    at requirePage (file:///Users/akshitsama/Desktop/Website/node_modules/next/dist/server/require.js:109:84)
    at <unknown> (file:///Users/akshitsama/Desktop/Website/node_modules/next/dist/server/load-components.js:103:84)
    at async loadComponentsImpl (file:///Users/akshitsama/Desktop/Website/node_modules/next/dist/server/load-components.js:103:26)
    at async DevServer.findPageComponentsImpl (file:///Users/akshitsama/Desktop/Website/node_modules/next/dist/server/next-server.js:714:36)
    at async DevServer.findPageComponents (file:///Users/akshitsama/Desktop/Website/node_modules/next/dist/server/dev/next-dev-server.js:577:20)
    at async DevServer.renderPageComponent (file:///Users/akshitsama/Desktop/Website/node_modules/next/dist/server/base-server.js:1910:24)
    at async DevServer.renderToResponseImpl (file:///Users/akshitsama/Desktop/Website/node_modules/next/dist/server/base-server.js:1962:32)
    at async DevServer.pipeImpl (file:///Users/akshitsama/Desktop/Website/node_modules/next/dist/server/base-server.js:922:25)
    at async NextNodeServer.handleCatchallRenderRequest (file:///Users/akshitsama/Desktop/Website/node_modules/next/dist/server/next-server.js:272:17)
    at async DevServer.handleRequestImpl (file:///Users/akshitsama/Desktop/Website/node_modules/next/dist/server/base-server.js:818:17)
    at async (file:///Users/akshitsama/Desktop/Website/node_modules/next/dist/server/dev/next-dev-server.js:339:20)
    at async Span.traceAsyncFn (file:///Users/akshitsama/Desktop/Website/node_modules/next/dist/trace/trace.js:154:20)
    at async DevServer.handleRequest (file:///Users/akshitsama/Desktop/Website/node_modules/next/dist/server/dev/next-dev-server.js:336:24)
    at async invokeRender (file:///Users/akshitsama/Desktop/Website/node_modules/next/dist/server/lib/router-server.js:179:21)
    at async handleRequest (file:///Users/akshitsama/Desktop/Website/node_modules/next/dist/server/lib/router-server.js:359:24)
    at async requestHandlerImpl (file:///Users/akshitsama/Desktop/Website/node_modules/next/dist/server/lib/router-server.js:383:13)
    at async Server.requestListener (file:///Users/akshitsama/Desktop/Website/node_modules/next/dist/server/lib/start-server.js:141:13)
[    1269ms] [ERROR] Failed to load resource: the server responded with a status of 404 (Not Found) @ http://localhost:3000/favicon.ico:0
